Command line invocation:
    /Applications/Xcode.app/Contents/Developer/usr/bin/xcodebuild test -project TintTrack.xcodeproj -scheme TintTrack -destination "platform=iOS Simulator,name=iPhone 17,OS=26.2" -derivedDataPath build/DerivedData CODE_SIGNING_ALLOWED=NO CODE_SIGNING_REQUIRED=NO CODE_SIGNING_IDENTITY=

Build settings from command line:
    CODE_SIGNING_ALLOWED = NO
    CODE_SIGNING_IDENTITY = 
    CODE_SIGNING_REQUIRED = NO

ComputePackagePrebuildTargetDependencyGraph

Prepare packages

CreateBuildRequest

SendProjectDescription

CreateBuildOperation

ComputeTargetDependencyGraph
note: Building targets in dependency order
note: Target dependency graph (2 targets)
    Target 'TintTrackTests' in project 'TintTrack'
        ➜ Explicit dependency on target 'TintTrack' in project 'TintTrack'
    Target 'TintTrack' in project 'TintTrack' (no dependencies)

GatherProvisioningInputs

CreateBuildDescription

ExecuteExternalTool /Applications/Xcode.app/Contents/Developer/Toolchains/XcodeDefault.xctoolchain/usr/bin/clang -v -E -dM -isysroot /Applications/Xcode.app/Contents/Developer/Platforms/iPhoneSimulator.platform/Developer/SDKs/iPhoneSimulator26.2.sdk -x c -c /dev/null

ExecuteExternalTool /Applications/Xcode.app/Contents/Developer/Toolchains/XcodeDefault.xctoolchain/usr/bin/swiftc --version

ExecuteExternalTool /Applications/Xcode.app/Contents/Developer/Toolchains/XcodeDefault.xctoolchain/usr/bin/ld -version_details

Build description signature: 83309377162123e9e587f6a7e01487f2
Build description path: /Users/samviers/Desktop/tinttrack/build/DerivedData/Build/Intermediates.noindex/XCBuildData/83309377162123e9e587f6a7e01487f2.xcbuilddata
ClangStatCache /Applications/Xcode.app/Contents/Developer/Toolchains/XcodeDefault.xctoolchain/usr/bin/clang-stat-cache /Applications/Xcode.app/Contents/Developer/Platforms/iPhoneSimulator.platform/Developer/SDKs/iPhoneSimulator26.2.sdk /Users/samviers/Desktop/tinttrack/build/DerivedData/SDKStatCaches.noindex/iphonesimulator26.2-23C53-7d00a8b37fbd7999ea79df8ebc024bf0.sdkstatcache
    cd /Users/samviers/Desktop/tinttrack/TintTrack.xcodeproj
    /Applications/Xcode.app/Contents/Developer/Toolchains/XcodeDefault.xctoolchain/usr/bin/clang-stat-cache /Applications/Xcode.app/Contents/Developer/Platforms/iPhoneSimulator.platform/Developer/SDKs/iPhoneSimulator26.2.sdk -o /Users/samviers/Desktop/tinttrack/build/DerivedData/SDKStatCaches.noindex/iphonesimulator26.2-23C53-7d00a8b37fbd7999ea79df8ebc024bf0.sdkstatcache

WriteAuxiliaryFile /Users/samviers/Desktop/tinttrack/build/DerivedData/Build/Intermediates.noindex/TintTrack.build/Debug-iphonesimulator/TintTrack.build/Objects-normal/arm64/TintTrack.SwiftConstValuesFileList (in target 'TintTrack' from project 'TintTrack')
    cd /Users/samviers/Desktop/tinttrack
    write-file /Users/samviers/Desktop/tinttrack/build/DerivedData/Build/Intermediates.noindex/TintTrack.build/Debug-iphonesimulator/TintTrack.build/Objects-normal/arm64/TintTrack.SwiftConstValuesFileList

WriteAuxiliaryFile /Users/samviers/Desktop/tinttrack/build/DerivedData/Build/Intermediates.noindex/TintTrack.build/Debug-iphonesimulator/TintTrack.build/Objects-normal/arm64/TintTrack.LinkFileList (in target 'TintTrack' from project 'TintTrack')
    cd /Users/samviers/Desktop/tinttrack
    write-file /Users/samviers/Desktop/tinttrack/build/DerivedData/Build/Intermediates.noindex/TintTrack.build/Debug-iphonesimulator/TintTrack.build/Objects-normal/arm64/TintTrack.LinkFileList

WriteAuxiliaryFile /Users/samviers/Desktop/tinttrack/build/DerivedData/Build/Intermediates.noindex/TintTrack.build/Debug-iphonesimulator/TintTrack.build/Objects-normal/arm64/TintTrack-OutputFileMap.json (in target 'TintTrack' from project 'TintTrack')
    cd /Users/samviers/Desktop/tinttrack
    write-file /Users/samviers/Desktop/tinttrack/build/DerivedData/Build/Intermediates.noindex/TintTrack.build/Debug-iphonesimulator/TintTrack.build/Objects-normal/arm64/TintTrack-OutputFileMap.json

WriteAuxiliaryFile /Users/samviers/Desktop/tinttrack/build/DerivedData/Build/Intermediates.noindex/TintTrack.build/Debug-iphonesimulator/TintTrack.build/Objects-normal/arm64/TintTrack.SwiftFileList (in target 'TintTrack' from project 'TintTrack')
    cd /Users/samviers/Desktop/tinttrack
    write-file /Users/samviers/Desktop/tinttrack/build/DerivedData/Build/Intermediates.noindex/TintTrack.build/Debug-iphonesimulator/TintTrack.build/Objects-normal/arm64/TintTrack.SwiftFileList

ProcessInfoPlistFile /Users/samviers/Desktop/tinttrack/build/DerivedData/Build/Products/Debug-iphonesimulator/TintTrack.app/Info.plist /Users/samviers/Desktop/tinttrack/TintTrack/Info.plist (in target 'TintTrack' from project 'TintTrack')
    cd /Users/samviers/Desktop/tinttrack
    builtin-infoPlistUtility /Users/samviers/Desktop/tinttrack/TintTrack/Info.plist -producttype com.apple.product-type.application -genpkginfo /Users/samviers/Desktop/tinttrack/build/DerivedData/Build/Products/Debug-iphonesimulator/TintTrack.app/PkgInfo -expandbuildsettings -format binary -platform iphonesimulator -o /Users/samviers/Desktop/tinttrack/build/DerivedData/Build/Products/Debug-iphonesimulator/TintTrack.app/Info.plist

SwiftDriver TintTrack normal arm64 com.apple.xcode.tools.swift.compiler (in target 'TintTrack' from project 'TintTrack')
    cd /Users/samviers/Desktop/tinttrack
    builtin-SwiftDriver -- /Applications/Xcode.app/Contents/Developer/Toolchains/XcodeDefault.xctoolchain/usr/bin/swiftc -module-name TintTrack -Onone -enforce-exclusivity\=checked @/Users/samviers/Desktop/tinttrack/build/DerivedData/Build/Intermediates.noindex/TintTrack.build/Debug-iphonesimulator/TintTrack.build/Objects-normal/arm64/TintTrack.SwiftFileList -DDEBUG -enable-experimental-feature DebugDescriptionMacro -sdk /Applications/Xcode.app/Contents/Developer/Platforms/iPhoneSimulator.platform/Developer/SDKs/iPhoneSimulator26.2.sdk -target arm64-apple-ios18.0-simulator -g -module-cache-path /Users/samviers/Desktop/tinttrack/build/DerivedData/ModuleCache.noindex -Xfrontend -serialize-debugging-options -profile-coverage-mapping -profile-generate -enable-testing -index-store-path /Users/samviers/Desktop/tinttrack/build/DerivedData/Index.noindex/DataStore -Xcc -D_LIBCPP_HARDENING_MODE\=_LIBCPP_HARDENING_MODE_DEBUG -swift-version 6 -I /Users/samviers/Desktop/tinttrack/build/DerivedData/Build/Products/Debug-iphonesimulator -F /Users/samviers/Desktop/tinttrack/build/DerivedData/Build/Products/Debug-iphonesimulator -c -j8 -enable-batch-mode -incremental -Xcc -ivfsstatcache -Xcc /Users/samviers/Desktop/tinttrack/build/DerivedData/SDKStatCaches.noindex/iphonesimulator26.2-23C53-7d00a8b37fbd7999ea79df8ebc024bf0.sdkstatcache -output-file-map /Users/samviers/Desktop/tinttrack/build/DerivedData/Build/Intermediates.noindex/TintTrack.build/Debug-iphonesimulator/TintTrack.build/Objects-normal/arm64/TintTrack-OutputFileMap.json -use-frontend-parseable-output -save-temps -no-color-diagnostics -explicit-module-build -module-cache-path /Users/samviers/Desktop/tinttrack/build/DerivedData/Build/Intermediates.noindex/SwiftExplicitPrecompiledModules -clang-scanner-module-cache-path /Users/samviers/Desktop/tinttrack/build/DerivedData/ModuleCache.noindex -sdk-module-cache-path /Users/samviers/Desktop/tinttrack/build/DerivedData/ModuleCache.noindex -serialize-diagnostics -emit-dependencies -emit-module -emit-module-path /Users/samviers/Desktop/tinttrack/build/DerivedData/Build/Intermediates.noindex/TintTrack.build/Debug-iphonesimulator/TintTrack.build/Objects-normal/arm64/TintTrack.swiftmodule -validate-clang-modules-once -clang-build-session-file /Users/samviers/Desktop/tinttrack/build/DerivedData/ModuleCache.noindex/Session.modulevalidation -Xcc -I/Users/samviers/Desktop/tinttrack/build/DerivedData/Build/Intermediates.noindex/TintTrack.build/Debug-iphonesimulator/TintTrack.build/swift-overrides.hmap -emit-const-values -Xfrontend -const-gather-protocols-file -Xfrontend /Users/samviers/Desktop/tinttrack/build/DerivedData/Build/Intermediates.noindex/TintTrack.build/Debug-iphonesimulator/TintTrack.build/Objects-normal/arm64/TintTrack_const_extract_protocols.json -Xcc -iquote -Xcc /Users/samviers/Desktop/tinttrack/build/DerivedData/Build/Intermediates.noindex/TintTrack.build/Debug-iphonesimulator/TintTrack.build/TintTrack-generated-files.hmap -Xcc -I/Users/samviers/Desktop/tinttrack/build/DerivedData/Build/Intermediates.noindex/TintTrack.build/Debug-iphonesimulator/TintTrack.build/TintTrack-own-target-headers.hmap -Xcc -I/Users/samviers/Desktop/tinttrack/build/DerivedData/Build/Intermediates.noindex/TintTrack.build/Debug-iphonesimulator/TintTrack.build/TintTrack-all-target-headers.hmap -Xcc -iquote -Xcc /Users/samviers/Desktop/tinttrack/build/DerivedData/Build/Intermediates.noindex/TintTrack.build/Debug-iphonesimulator/TintTrack.build/TintTrack-project-headers.hmap -Xcc -I/Users/samviers/Desktop/tinttrack/build/DerivedData/Build/Products/Debug-iphonesimulator/include -Xcc -I/Users/samviers/Desktop/tinttrack/build/DerivedData/Build/Intermediates.noindex/TintTrack.build/Debug-iphonesimulator/TintTrack.build/DerivedSources-normal/arm64 -Xcc -I/Users/samviers/Desktop/tinttrack/build/DerivedData/Build/Intermediates.noindex/TintTrack.build/Debug-iphonesimulator/TintTrack.build/DerivedSources/arm64 -Xcc -I/Users/samviers/Desktop/tinttrack/build/DerivedData/Build/Intermediates.noindex/TintTrack.build/Debug-iphonesimulator/TintTrack.build/DerivedSources -Xcc -DDEBUG\=1 -emit-objc-header -emit-objc-header-path /Users/samviers/Desktop/tinttrack/build/DerivedData/Build/Intermediates.noindex/TintTrack.build/Debug-iphonesimulator/TintTrack.build/Objects-normal/arm64/TintTrack-Swift.h -working-directory /Users/samviers/Desktop/tinttrack -experimental-emit-module-separately -disable-cmo

SwiftCompile normal arm64 Compiling\ BulkAddShadesView.swift /Users/samviers/Desktop/tinttrack/TintTrack/Features/Inventory/BulkAddShadesView.swift (in target 'TintTrack' from project 'TintTrack')

SwiftCompile normal arm64 /Users/samviers/Desktop/tinttrack/TintTrack/Features/Inventory/BulkAddShadesView.swift (in target 'TintTrack' from project 'TintTrack')
    cd /Users/samviers/Desktop/tinttrack
    

SwiftCompile normal arm64 Compiling\ InventoryItemRow.swift /Users/samviers/Desktop/tinttrack/TintTrack/Features/Inventory/InventoryItemRow.swift (in target 'TintTrack' from project 'TintTrack')

SwiftCompile normal arm64 /Users/samviers/Desktop/tinttrack/TintTrack/Features/Inventory/InventoryItemRow.swift (in target 'TintTrack' from project 'TintTrack')
    cd /Users/samviers/Desktop/tinttrack
    

SwiftCompile normal arm64 Compiling\ InventoryService.swift /Users/samviers/Desktop/tinttrack/TintTrack/Services/InventoryService.swift (in target 'TintTrack' from project 'TintTrack')

SwiftCompile normal arm64 /Users/samviers/Desktop/tinttrack/TintTrack/Services/InventoryService.swift (in target 'TintTrack' from project 'TintTrack')
    cd /Users/samviers/Desktop/tinttrack
    

SwiftCompile normal arm64 Compiling\ InventoryItem.swift /Users/samviers/Desktop/tinttrack/TintTrack/Models/InventoryItem.swift (in target 'TintTrack' from project 'TintTrack')

SwiftCompile normal arm64 /Users/samviers/Desktop/tinttrack/TintTrack/Models/InventoryItem.swift (in target 'TintTrack' from project 'TintTrack')
    cd /Users/samviers/Desktop/tinttrack
    

SwiftEmitModule normal arm64 Emitting\ module\ for\ TintTrack (in target 'TintTrack' from project 'TintTrack')
EmitSwiftModule normal arm64 (in target 'TintTrack' from project 'TintTrack')
    cd /Users/samviers/Desktop/tinttrack
    

SwiftCompile normal arm64 Compiling\ InventoryCategoryDetailView.swift /Users/samviers/Desktop/tinttrack/TintTrack/Features/Inventory/InventoryCategoryDetailView.swift (in target 'TintTrack' from project 'TintTrack')

SwiftCompile normal arm64 /Users/samviers/Desktop/tinttrack/TintTrack/Features/Inventory/InventoryCategoryDetailView.swift (in target 'TintTrack' from project 'TintTrack')
    cd /Users/samviers/Desktop/tinttrack
    

SwiftCompile normal arm64 Compiling\ AddFormulaLineItemView.swift,\ AdjustStockView.swift /Users/samviers/Desktop/tinttrack/TintTrack/Features/Clients/AddFormulaLineItemView.swift /Users/samviers/Desktop/tinttrack/TintTrack/Features/Inventory/AdjustStockView.swift (in target 'TintTrack' from project 'TintTrack')
SwiftCompile normal arm64 /Users/samviers/Desktop/tinttrack/TintTrack/Features/Clients/AddFormulaLineItemView.swift (in target 'TintTrack' from project 'TintTrack')
    cd /Users/samviers/Desktop/tinttrack
    

SwiftCompile normal arm64 /Users/samviers/Desktop/tinttrack/TintTrack/Features/Inventory/AdjustStockView.swift (in target 'TintTrack' from project 'TintTrack')
    cd /Users/samviers/Desktop/tinttrack
    

SwiftCompile normal arm64 Compiling\ QuickAddInventoryItemView.swift /Users/samviers/Desktop/tinttrack/TintTrack/Features/Inventory/QuickAddInventoryItemView.swift (in target 'TintTrack' from project 'TintTrack')

SwiftCompile normal arm64 /Users/samviers/Desktop/tinttrack/TintTrack/Features/Inventory/QuickAddInventoryItemView.swift (in target 'TintTrack' from project 'TintTrack')
    cd /Users/samviers/Desktop/tinttrack
    

SwiftCompile normal arm64 Compiling\ InventoryItemDetailView.swift /Users/samviers/Desktop/tinttrack/TintTrack/Features/Inventory/InventoryItemDetailView.swift (in target 'TintTrack' from project 'TintTrack')

SwiftCompile normal arm64 /Users/samviers/Desktop/tinttrack/TintTrack/Features/Inventory/InventoryItemDetailView.swift (in target 'TintTrack' from project 'TintTrack')
    cd /Users/samviers/Desktop/tinttrack
    

SwiftDriverJobDiscovery normal arm64 Compiling InventoryService.swift (in target 'TintTrack' from project 'TintTrack')

SwiftDriverJobDiscovery normal arm64 Compiling InventoryItem.swift (in target 'TintTrack' from project 'TintTrack')

SwiftCompile normal arm64 Compiling\ NewVisitView.swift /Users/samviers/Desktop/tinttrack/TintTrack/Features/Clients/NewVisitView.swift (in target 'TintTrack' from project 'TintTrack')

SwiftCompile normal arm64 /Users/samviers/Desktop/tinttrack/TintTrack/Features/Clients/NewVisitView.swift (in target 'TintTrack' from project 'TintTrack')
    cd /Users/samviers/Desktop/tinttrack
    

SwiftCompile normal arm64 Compiling\ TintTrackApp.swift /Users/samviers/Desktop/tinttrack/TintTrack/App/TintTrackApp.swift (in target 'TintTrack' from project 'TintTrack')

SwiftCompile normal arm64 /Users/samviers/Desktop/tinttrack/TintTrack/App/TintTrackApp.swift (in target 'TintTrack' from project 'TintTrack')
    cd /Users/samviers/Desktop/tinttrack
    

SwiftDriverJobDiscovery normal arm64 Compiling InventoryItemRow.swift (in target 'TintTrack' from project 'TintTrack')

SwiftCompile normal arm64 Compiling\ DraftFormula.swift,\ DraftLineItem.swift /Users/samviers/Desktop/tinttrack/TintTrack/Features/Clients/DraftFormula.swift /Users/samviers/Desktop/tinttrack/TintTrack/Features/Clients/DraftLineItem.swift (in target 'TintTrack' from project 'TintTrack')

SwiftCompile normal arm64 /Users/samviers/Desktop/tinttrack/TintTrack/Features/Clients/DraftFormula.swift (in target 'TintTrack' from project 'TintTrack')
    cd /Users/samviers/Desktop/tinttrack
    

SwiftCompile normal arm64 /Users/samviers/Desktop/tinttrack/TintTrack/Features/Clients/DraftLineItem.swift (in target 'TintTrack' from project 'TintTrack')
    cd /Users/samviers/Desktop/tinttrack
    

SwiftDriverJobDiscovery normal arm64 Compiling InventoryCategoryDetailView.swift (in target 'TintTrack' from project 'TintTrack')

SwiftCompile normal arm64 Compiling\ InventoryTransaction.swift /Users/samviers/Desktop/tinttrack/TintTrack/Models/InventoryTransaction.swift (in target 'TintTrack' from project 'TintTrack')

SwiftCompile normal arm64 /Users/samviers/Desktop/tinttrack/TintTrack/Models/InventoryTransaction.swift (in target 'TintTrack' from project 'TintTrack')
    cd /Users/samviers/Desktop/tinttrack
    

SwiftDriverJobDiscovery normal arm64 Compiling QuickAddInventoryItemView.swift (in target 'TintTrack' from project 'TintTrack')

SwiftCompile normal arm64 Compiling\ FormulaService.swift,\ InventoryItemDisplay.swift /Users/samviers/Desktop/tinttrack/TintTrack/Services/FormulaService.swift /Users/samviers/Desktop/tinttrack/TintTrack/Models/InventoryItemDisplay.swift (in target 'TintTrack' from project 'TintTrack')

SwiftCompile normal arm64 /Users/samviers/Desktop/tinttrack/TintTrack/Services/FormulaService.swift (in target 'TintTrack' from project 'TintTrack')
    cd /Users/samviers/Desktop/tinttrack
    

SwiftCompile normal arm64 /Users/samviers/Desktop/tinttrack/TintTrack/Models/InventoryItemDisplay.swift (in target 'TintTrack' from project 'TintTrack')
    cd /Users/samviers/Desktop/tinttrack
    

SwiftDriverJobDiscovery normal arm64 Compiling BulkAddShadesView.swift (in target 'TintTrack' from project 'TintTrack')

SwiftCompile normal arm64 Compiling\ FormulaEditorView.swift,\ FormulaLineItem.swift /Users/samviers/Desktop/tinttrack/TintTrack/Features/Clients/FormulaEditorView.swift /Users/samviers/Desktop/tinttrack/TintTrack/Models/FormulaLineItem.swift (in target 'TintTrack' from project 'TintTrack')
SwiftCompile normal arm64 /Users/samviers/Desktop/tinttrack/TintTrack/Features/Clients/FormulaEditorView.swift (in target 'TintTrack' from project 'TintTrack')
    cd /Users/samviers/Desktop/tinttrack
    

SwiftCompile normal arm64 /Users/samviers/Desktop/tinttrack/TintTrack/Models/FormulaLineItem.swift (in target 'TintTrack' from project 'TintTrack')
    cd /Users/samviers/Desktop/tinttrack
    

SwiftDriverJobDiscovery normal arm64 Emitting module for TintTrack (in target 'TintTrack' from project 'TintTrack')

SwiftDriver\ Compilation\ Requirements TintTrack normal arm64 com.apple.xcode.tools.swift.compiler (in target 'TintTrack' from project 'TintTrack')
    cd /Users/samviers/Desktop/tinttrack
    builtin-Swift-Compilation-Requirements -- /Applications/Xcode.app/Contents/Developer/Toolchains/XcodeDefault.xctoolchain/usr/bin/swiftc -module-name TintTrack -Onone -enforce-exclusivity\=checked @/Users/samviers/Desktop/tinttrack/build/DerivedData/Build/Intermediates.noindex/TintTrack.build/Debug-iphonesimulator/TintTrack.build/Objects-normal/arm64/TintTrack.SwiftFileList -DDEBUG -enable-experimental-feature DebugDescriptionMacro -sdk /Applications/Xcode.app/Contents/Developer/Platforms/iPhoneSimulator.platform/Developer/SDKs/iPhoneSimulator26.2.sdk -target arm64-apple-ios18.0-simulator -g -module-cache-path /Users/samviers/Desktop/tinttrack/build/DerivedData/ModuleCache.noindex -Xfrontend -serialize-debugging-options -profile-coverage-mapping -profile-generate -enable-testing -index-store-path /Users/samviers/Desktop/tinttrack/build/DerivedData/Index.noindex/DataStore -Xcc -D_LIBCPP_HARDENING_MODE\=_LIBCPP_HARDENING_MODE_DEBUG -swift-version 6 -I /Users/samviers/Desktop/tinttrack/build/DerivedData/Build/Products/Debug-iphonesimulator -F /Users/samviers/Desktop/tinttrack/build/DerivedData/Build/Products/Debug-iphonesimulator -c -j8 -enable-batch-mode -incremental -Xcc -ivfsstatcache -Xcc /Users/samviers/Desktop/tinttrack/build/DerivedData/SDKStatCaches.noindex/iphonesimulator26.2-23C53-7d00a8b37fbd7999ea79df8ebc024bf0.sdkstatcache -output-file-map /Users/samviers/Desktop/tinttrack/build/DerivedData/Build/Intermediates.noindex/TintTrack.build/Debug-iphonesimulator/TintTrack.build/Objects-normal/arm64/TintTrack-OutputFileMap.json -use-frontend-parseable-output -save-temps -no-color-diagnostics -explicit-module-build -module-cache-path /Users/samviers/Desktop/tinttrack/build/DerivedData/Build/Intermediates.noindex/SwiftExplicitPrecompiledModules -clang-scanner-module-cache-path /Users/samviers/Desktop/tinttrack/build/DerivedData/ModuleCache.noindex -sdk-module-cache-path /Users/samviers/Desktop/tinttrack/build/DerivedData/ModuleCache.noindex -serialize-diagnostics -emit-dependencies -emit-module -emit-module-path /Users/samviers/Desktop/tinttrack/build/DerivedData/Build/Intermediates.noindex/TintTrack.build/Debug-iphonesimulator/TintTrack.build/Objects-normal/arm64/TintTrack.swiftmodule -validate-clang-modules-once -clang-build-session-file /Users/samviers/Desktop/tinttrack/build/DerivedData/ModuleCache.noindex/Session.modulevalidation -Xcc -I/Users/samviers/Desktop/tinttrack/build/DerivedData/Build/Intermediates.noindex/TintTrack.build/Debug-iphonesimulator/TintTrack.build/swift-overrides.hmap -emit-const-values -Xfrontend -const-gather-protocols-file -Xfrontend /Users/samviers/Desktop/tinttrack/build/DerivedData/Build/Intermediates.noindex/TintTrack.build/Debug-iphonesimulator/TintTrack.build/Objects-normal/arm64/TintTrack_const_extract_protocols.json -Xcc -iquote -Xcc /Users/samviers/Desktop/tinttrack/build/DerivedData/Build/Intermediates.noindex/TintTrack.build/Debug-iphonesimulator/TintTrack.build/TintTrack-generated-files.hmap -Xcc -I/Users/samviers/Desktop/tinttrack/build/DerivedData/Build/Intermediates.noindex/TintTrack.build/Debug-iphonesimulator/TintTrack.build/TintTrack-own-target-headers.hmap -Xcc -I/Users/samviers/Desktop/tinttrack/build/DerivedData/Build/Intermediates.noindex/TintTrack.build/Debug-iphonesimulator/TintTrack.build/TintTrack-all-target-headers.hmap -Xcc -iquote -Xcc /Users/samviers/Desktop/tinttrack/build/DerivedData/Build/Intermediates.noindex/TintTrack.build/Debug-iphonesimulator/TintTrack.build/TintTrack-project-headers.hmap -Xcc -I/Users/samviers/Desktop/tinttrack/build/DerivedData/Build/Products/Debug-iphonesimulator/include -Xcc -I/Users/samviers/Desktop/tinttrack/build/DerivedData/Build/Intermediates.noindex/TintTrack.build/Debug-iphonesimulator/TintTrack.build/DerivedSources-normal/arm64 -Xcc -I/Users/samviers/Desktop/tinttrack/build/DerivedData/Build/Intermediates.noindex/TintTrack.build/Debug-iphonesimulator/TintTrack.build/DerivedSources/arm64 -Xcc -I/Users/samviers/Desktop/tinttrack/build/DerivedData/Build/Intermediates.noindex/TintTrack.build/Debug-iphonesimulator/TintTrack.build/DerivedSources -Xcc -DDEBUG\=1 -emit-objc-header -emit-objc-header-path /Users/samviers/Desktop/tinttrack/build/DerivedData/Build/Intermediates.noindex/TintTrack.build/Debug-iphonesimulator/TintTrack.build/Objects-normal/arm64/TintTrack-Swift.h -working-directory /Users/samviers/Desktop/tinttrack -experimental-emit-module-separately -disable-cmo

SwiftDriverJobDiscovery normal arm64 Compiling TintTrackApp.swift (in target 'TintTrack' from project 'TintTrack')

SwiftCompile normal arm64 Compiling\ ClientDetailView.swift,\ ContentView.swift /Users/samviers/Desktop/tinttrack/TintTrack/Features/Clients/ClientDetailView.swift /Users/samviers/Desktop/tinttrack/TintTrack/App/ContentView.swift (in target 'TintTrack' from project 'TintTrack')

SwiftCompile normal arm64 /Users/samviers/Desktop/tinttrack/TintTrack/Features/Clients/ClientDetailView.swift (in target 'TintTrack' from project 'TintTrack')
    cd /Users/samviers/Desktop/tinttrack
    

SwiftCompile normal arm64 /Users/samviers/Desktop/tinttrack/TintTrack/App/ContentView.swift (in target 'TintTrack' from project 'TintTrack')
    cd /Users/samviers/Desktop/tinttrack
    

Copy /Users/samviers/Desktop/tinttrack/build/DerivedData/Build/Products/Debug-iphonesimulator/TintTrack.swiftmodule/arm64-apple-ios-simulator.swiftmodule /Users/samviers/Desktop/tinttrack/build/DerivedData/Build/Intermediates.noindex/TintTrack.build/Debug-iphonesimulator/TintTrack.build/Objects-normal/arm64/TintTrack.swiftmodule (in target 'TintTrack' from project 'TintTrack')
    cd /Users/samviers/Desktop/tinttrack
    builtin-copy -exclude .DS_Store -exclude CVS -exclude .svn -exclude .git -exclude .hg -resolve-src-symlinks -rename /Users/samviers/Desktop/tinttrack/build/DerivedData/Build/Intermediates.noindex/TintTrack.build/Debug-iphonesimulator/TintTrack.build/Objects-normal/arm64/TintTrack.swiftmodule /Users/samviers/Desktop/tinttrack/build/DerivedData/Build/Products/Debug-iphonesimulator/TintTrack.swiftmodule/arm64-apple-ios-simulator.swiftmodule

SwiftDriverJobDiscovery normal arm64 Compiling DraftFormula.swift, DraftLineItem.swift (in target 'TintTrack' from project 'TintTrack')

Copy /Users/samviers/Desktop/tinttrack/build/DerivedData/Build/Products/Debug-iphonesimulator/TintTrack.swiftmodule/arm64-apple-ios-simulator.abi.json /Users/samviers/Desktop/tinttrack/build/DerivedData/Build/Intermediates.noindex/TintTrack.build/Debug-iphonesimulator/TintTrack.build/Objects-normal/arm64/TintTrack.abi.json (in target 'TintTrack' from project 'TintTrack')
    cd /Users/samviers/Desktop/tinttrack
    builtin-copy -exclude .DS_Store -exclude CVS -exclude .svn -exclude .git -exclude .hg -resolve-src-symlinks -rename /Users/samviers/Desktop/tinttrack/build/DerivedData/Build/Intermediates.noindex/TintTrack.build/Debug-iphonesimulator/TintTrack.build/Objects-normal/arm64/TintTrack.abi.json /Users/samviers/Desktop/tinttrack/build/DerivedData/Build/Products/Debug-iphonesimulator/TintTrack.swiftmodule/arm64-apple-ios-simulator.abi.json

Copy /Users/samviers/Desktop/tinttrack/build/DerivedData/Build/Products/Debug-iphonesimulator/TintTrack.swiftmodule/Project/arm64-apple-ios-simulator.swiftsourceinfo /Users/samviers/Desktop/tinttrack/build/DerivedData/Build/Intermediates.noindex/TintTrack.build/Debug-iphonesimulator/TintTrack.build/Objects-normal/arm64/TintTrack.swiftsourceinfo (in target 'TintTrack' from project 'TintTrack')
    cd /Users/samviers/Desktop/tinttrack
    builtin-copy -exclude .DS_Store -exclude CVS -exclude .svn -exclude .git -exclude .hg -resolve-src-symlinks -rename /Users/samviers/Desktop/tinttrack/build/DerivedData/Build/Intermediates.noindex/TintTrack.build/Debug-iphonesimulator/TintTrack.build/Objects-normal/arm64/TintTrack.swiftsourceinfo /Users/samviers/Desktop/tinttrack/build/DerivedData/Build/Products/Debug-iphonesimulator/TintTrack.swiftmodule/Project/arm64-apple-ios-simulator.swiftsourceinfo

SwiftCompile normal arm64 Compiling\ InventoryRootView.swift /Users/samviers/Desktop/tinttrack/TintTrack/Features/Inventory/InventoryRootView.swift (in target 'TintTrack' from project 'TintTrack')
SwiftCompile normal arm64 /Users/samviers/Desktop/tinttrack/TintTrack/Features/Inventory/InventoryRootView.swift (in target 'TintTrack' from project 'TintTrack')
    cd /Users/samviers/Desktop/tinttrack
    

SwiftDriverJobDiscovery normal arm64 Compiling InventoryTransaction.swift (in target 'TintTrack' from project 'TintTrack')

SwiftDriver TintTrackTests normal arm64 com.apple.xcode.tools.swift.compiler (in target 'TintTrackTests' from project 'TintTrack')
    cd /Users/samviers/Desktop/tinttrack
    builtin-SwiftDriver -- /Applications/Xcode.app/Contents/Developer/Toolchains/XcodeDefault.xctoolchain/usr/bin/swiftc -module-name TintTrackTests -Onone -enforce-exclusivity\=checked @/Users/samviers/Desktop/tinttrack/build/DerivedData/Build/Intermediates.noindex/TintTrack.build/Debug-iphonesimulator/TintTrackTests.build/Objects-normal/arm64/TintTrackTests.SwiftFileList -DDEBUG -plugin-path /Applications/Xcode.app/Contents/Developer/Toolchains/XcodeDefault.xctoolchain/usr/lib/swift/host/plugins/testing -enable-experimental-feature DebugDescriptionMacro -sdk /Applications/Xcode.app/Contents/Developer/Platforms/iPhoneSimulator.platform/Developer/SDKs/iPhoneSimulator26.2.sdk -target arm64-apple-ios18.0-simulator -g -module-cache-path /Users/samviers/Desktop/tinttrack/build/DerivedData/ModuleCache.noindex -Xfrontend -serialize-debugging-options -profile-coverage-mapping -profile-generate -enable-testing -index-store-path /Users/samviers/Desktop/tinttrack/build/DerivedData/Index.noindex/DataStore -Xcc -D_LIBCPP_HARDENING_MODE\=_LIBCPP_HARDENING_MODE_DEBUG -swift-version 6 -I /Users/samviers/Desktop/tinttrack/build/DerivedData/Build/Products/Debug-iphonesimulator -Isystem /Applications/Xcode.app/Contents/Developer/Platforms/iPhoneSimulator.platform/Developer/usr/lib -F /Users/samviers/Desktop/tinttrack/build/DerivedData/Build/Products/Debug-iphonesimulator -F /Applications/Xcode.app/Contents/Developer/Platforms/iPhoneSimulator.platform/Developer/Library/Frameworks -F /Applications/Xcode.app/Contents/Developer/Platforms/iPhoneSimulator.platform/Developer/SDKs/iPhoneSimulator26.2.sdk/Developer/Library/Frameworks -c -j8 -enable-batch-mode -incremental -Xcc -ivfsstatcache -Xcc /Users/samviers/Desktop/tinttrack/build/DerivedData/SDKStatCaches.noindex/iphonesimulator26.2-23C53-7d00a8b37fbd7999ea79df8ebc024bf0.sdkstatcache -output-file-map /Users/samviers/Desktop/tinttrack/build/DerivedData/Build/Intermediates.noindex/TintTrack.build/Debug-iphonesimulator/TintTrackTests.build/Objects-normal/arm64/TintTrackTests-OutputFileMap.json -use-frontend-parseable-output -save-temps -no-color-diagnostics -explicit-module-build -module-cache-path /Users/samviers/Desktop/tinttrack/build/DerivedData/Build/Intermediates.noindex/SwiftExplicitPrecompiledModules -clang-scanner-module-cache-path /Users/samviers/Desktop/tinttrack/build/DerivedData/ModuleCache.noindex -sdk-module-cache-path /Users/samviers/Desktop/tinttrack/build/DerivedData/ModuleCache.noindex -serialize-diagnostics -emit-dependencies -emit-module -emit-module-path /Users/samviers/Desktop/tinttrack/build/DerivedData/Build/Intermediates.noindex/TintTrack.build/Debug-iphonesimulator/TintTrackTests.build/Objects-normal/arm64/TintTrackTests.swiftmodule -validate-clang-modules-once -clang-build-session-file /Users/samviers/Desktop/tinttrack/build/DerivedData/ModuleCache.noindex/Session.modulevalidation -Xcc -I/Users/samviers/Desktop/tinttrack/build/DerivedData/Build/Intermediates.noindex/TintTrack.build/Debug-iphonesimulator/TintTrackTests.build/swift-overrides.hmap -emit-const-values -Xfrontend -const-gather-protocols-file -Xfrontend /Users/samviers/Desktop/tinttrack/build/DerivedData/Build/Intermediates.noindex/TintTrack.build/Debug-iphonesimulator/TintTrackTests.build/Objects-normal/arm64/TintTrackTests_const_extract_protocols.json -Xcc -iquote -Xcc /Users/samviers/Desktop/tinttrack/build/DerivedData/Build/Intermediates.noindex/TintTrack.build/Debug-iphonesimulator/TintTrackTests.build/TintTrackTests-generated-files.hmap -Xcc -I/Users/samviers/Desktop/tinttrack/build/DerivedData/Build/Intermediates.noindex/TintTrack.build/Debug-iphonesimulator/TintTrackTests.build/TintTrackTests-own-target-headers.hmap -Xcc -I/Users/samviers/Desktop/tinttrack/build/DerivedData/Build/Intermediates.noindex/TintTrack.build/Debug-iphonesimulator/TintTrackTests.build/TintTrackTests-all-target-headers.hmap -Xcc -iquote -Xcc /Users/samviers/Desktop/tinttrack/build/DerivedData/Build/Intermediates.noindex/TintTrack.build/Debug-iphonesimulator/TintTrackTests.build/TintTrackTests-project-headers.hmap -Xcc -I/Users/samviers/Desktop/tinttrack/build/DerivedData/Build/Products/Debug-iphonesimulator/include -Xcc -I/Users/samviers/Desktop/tinttrack/build/DerivedData/Build/Intermediates.noindex/TintTrack.build/Debug-iphonesimulator/TintTrackTests.build/DerivedSources-normal/arm64 -Xcc -I/Users/samviers/Desktop/tinttrack/build/DerivedData/Build/Intermediates.noindex/TintTrack.build/Debug-iphonesimulator/TintTrackTests.build/DerivedSources/arm64 -Xcc -I/Users/samviers/Desktop/tinttrack/build/DerivedData/Build/Intermediates.noindex/TintTrack.build/Debug-iphonesimulator/TintTrackTests.build/DerivedSources -Xcc -DDEBUG\=1 -emit-objc-header -emit-objc-header-path /Users/samviers/Desktop/tinttrack/build/DerivedData/Build/Intermediates.noindex/TintTrack.build/Debug-iphonesimulator/TintTrackTests.build/Objects-normal/arm64/TintTrackTests-Swift.h -working-directory /Users/samviers/Desktop/tinttrack -experimental-emit-module-separately -disable-cmo

SwiftDriverJobDiscovery normal arm64 Compiling NewVisitView.swift (in target 'TintTrack' from project 'TintTrack')

SwiftDriverJobDiscovery normal arm64 Compiling FormulaService.swift, InventoryItemDisplay.swift (in target 'TintTrack' from project 'TintTrack')

SwiftCompile normal arm64 Compiling\ InventoryServiceTests.swift /Users/samviers/Desktop/tinttrack/TintTrackTests/InventoryServiceTests.swift (in target 'TintTrackTests' from project 'TintTrack')

SwiftCompile normal arm64 /Users/samviers/Desktop/tinttrack/TintTrackTests/InventoryServiceTests.swift (in target 'TintTrackTests' from project 'TintTrack')
    cd /Users/samviers/Desktop/tinttrack
    

SwiftEmitModule normal arm64 Emitting\ module\ for\ TintTrackTests (in target 'TintTrackTests' from project 'TintTrack')

EmitSwiftModule normal arm64 (in target 'TintTrackTests' from project 'TintTrack')
    cd /Users/samviers/Desktop/tinttrack
    

SwiftCompile normal arm64 Compiling\ UnitsServiceTests.swift /Users/samviers/Desktop/tinttrack/TintTrackTests/UnitsServiceTests.swift (in target 'TintTrackTests' from project 'TintTrack')

SwiftCompile normal arm64 /Users/samviers/Desktop/tinttrack/TintTrackTests/UnitsServiceTests.swift (in target 'TintTrackTests' from project 'TintTrack')
    cd /Users/samviers/Desktop/tinttrack
    

SwiftCompile normal arm64 Compiling\ FormulaServiceTests.swift /Users/samviers/Desktop/tinttrack/TintTrackTests/FormulaServiceTests.swift (in target 'TintTrackTests' from project 'TintTrack')

SwiftCompile normal arm64 /Users/samviers/Desktop/tinttrack/TintTrackTests/FormulaServiceTests.swift (in target 'TintTrackTests' from project 'TintTrack')
    cd /Users/samviers/Desktop/tinttrack
    

SwiftDriverJobDiscovery normal arm64 Compiling InventoryItemDetailView.swift (in target 'TintTrack' from project 'TintTrack')

SwiftDriverJobDiscovery normal arm64 Compiling AddFormulaLineItemView.swift, AdjustStockView.swift (in target 'TintTrack' from project 'TintTrack')

SwiftDriverJobDiscovery normal arm64 Emitting module for TintTrackTests (in target 'TintTrackTests' from project 'TintTrack')

SwiftDriver\ Compilation\ Requirements TintTrackTests normal arm64 com.apple.xcode.tools.swift.compiler (in target 'TintTrackTests' from project 'TintTrack')
    cd /Users/samviers/Desktop/tinttrack
    builtin-Swift-Compilation-Requirements -- /Applications/Xcode.app/Contents/Developer/Toolchains/XcodeDefault.xctoolchain/usr/bin/swiftc -module-name TintTrackTests -Onone -enforce-exclusivity\=checked @/Users/samviers/Desktop/tinttrack/build/DerivedData/Build/Intermediates.noindex/TintTrack.build/Debug-iphonesimulator/TintTrackTests.build/Objects-normal/arm64/TintTrackTests.SwiftFileList -DDEBUG -plugin-path /Applications/Xcode.app/Contents/Developer/Toolchains/XcodeDefault.xctoolchain/usr/lib/swift/host/plugins/testing -enable-experimental-feature DebugDescriptionMacro -sdk /Applications/Xcode.app/Contents/Developer/Platforms/iPhoneSimulator.platform/Developer/SDKs/iPhoneSimulator26.2.sdk -target arm64-apple-ios18.0-simulator -g -module-cache-path /Users/samviers/Desktop/tinttrack/build/DerivedData/ModuleCache.noindex -Xfrontend -serialize-debugging-options -profile-coverage-mapping -profile-generate -enable-testing -index-store-path /Users/samviers/Desktop/tinttrack/build/DerivedData/Index.noindex/DataStore -Xcc -D_LIBCPP_HARDENING_MODE\=_LIBCPP_HARDENING_MODE_DEBUG -swift-version 6 -I /Users/samviers/Desktop/tinttrack/build/DerivedData/Build/Products/Debug-iphonesimulator -Isystem /Applications/Xcode.app/Contents/Developer/Platforms/iPhoneSimulator.platform/Developer/usr/lib -F /Users/samviers/Desktop/tinttrack/build/DerivedData/Build/Products/Debug-iphonesimulator -F /Applications/Xcode.app/Contents/Developer/Platforms/iPhoneSimulator.platform/Developer/Library/Frameworks -F /Applications/Xcode.app/Contents/Developer/Platforms/iPhoneSimulator.platform/Developer/SDKs/iPhoneSimulator26.2.sdk/Developer/Library/Frameworks -c -j8 -enable-batch-mode -incremental -Xcc -ivfsstatcache -Xcc /Users/samviers/Desktop/tinttrack/build/DerivedData/SDKStatCaches.noindex/iphonesimulator26.2-23C53-7d00a8b37fbd7999ea79df8ebc024bf0.sdkstatcache -output-file-map /Users/samviers/Desktop/tinttrack/build/DerivedData/Build/Intermediates.noindex/TintTrack.build/Debug-iphonesimulator/TintTrackTests.build/Objects-normal/arm64/TintTrackTests-OutputFileMap.json -use-frontend-parseable-output -save-temps -no-color-diagnostics -explicit-module-build -module-cache-path /Users/samviers/Desktop/tinttrack/build/DerivedData/Build/Intermediates.noindex/SwiftExplicitPrecompiledModules -clang-scanner-module-cache-path /Users/samviers/Desktop/tinttrack/build/DerivedData/ModuleCache.noindex -sdk-module-cache-path /Users/samviers/Desktop/tinttrack/build/DerivedData/ModuleCache.noindex -serialize-diagnostics -emit-dependencies -emit-module -emit-module-path /Users/samviers/Desktop/tinttrack/build/DerivedData/Build/Intermediates.noindex/TintTrack.build/Debug-iphonesimulator/TintTrackTests.build/Objects-normal/arm64/TintTrackTests.swiftmodule -validate-clang-modules-once -clang-build-session-file /Users/samviers/Desktop/tinttrack/build/DerivedData/ModuleCache.noindex/Session.modulevalidation -Xcc -I/Users/samviers/Desktop/tinttrack/build/DerivedData/Build/Intermediates.noindex/TintTrack.build/Debug-iphonesimulator/TintTrackTests.build/swift-overrides.hmap -emit-const-values -Xfrontend -const-gather-protocols-file -Xfrontend /Users/samviers/Desktop/tinttrack/build/DerivedData/Build/Intermediates.noindex/TintTrack.build/Debug-iphonesimulator/TintTrackTests.build/Objects-normal/arm64/TintTrackTests_const_extract_protocols.json -Xcc -iquote -Xcc /Users/samviers/Desktop/tinttrack/build/DerivedData/Build/Intermediates.noindex/TintTrack.build/Debug-iphonesimulator/TintTrackTests.build/TintTrackTests-generated-files.hmap -Xcc -I/Users/samviers/Desktop/tinttrack/build/DerivedData/Build/Intermediates.noindex/TintTrack.build/Debug-iphonesimulator/TintTrackTests.build/TintTrackTests-own-target-headers.hmap -Xcc -I/Users/samviers/Desktop/tinttrack/build/DerivedData/Build/Intermediates.noindex/TintTrack.build/Debug-iphonesimulator/TintTrackTests.build/TintTrackTests-all-target-headers.hmap -Xcc -iquote -Xcc /Users/samviers/Desktop/tinttrack/build/DerivedData/Build/Intermediates.noindex/TintTrack.build/Debug-iphonesimulator/TintTrackTests.build/TintTrackTests-project-headers.hmap -Xcc -I/Users/samviers/Desktop/tinttrack/build/DerivedData/Build/Products/Debug-iphonesimulator/include -Xcc -I/Users/samviers/Desktop/tinttrack/build/DerivedData/Build/Intermediates.noindex/TintTrack.build/Debug-iphonesimulator/TintTrackTests.build/DerivedSources-normal/arm64 -Xcc -I/Users/samviers/Desktop/tinttrack/build/DerivedData/Build/Intermediates.noindex/TintTrack.build/Debug-iphonesimulator/TintTrackTests.build/DerivedSources/arm64 -Xcc -I/Users/samviers/Desktop/tinttrack/build/DerivedData/Build/Intermediates.noindex/TintTrack.build/Debug-iphonesimulator/TintTrackTests.build/DerivedSources -Xcc -DDEBUG\=1 -emit-objc-header -emit-objc-header-path /Users/samviers/Desktop/tinttrack/build/DerivedData/Build/Intermediates.noindex/TintTrack.build/Debug-iphonesimulator/TintTrackTests.build/Objects-normal/arm64/TintTrackTests-Swift.h -working-directory /Users/samviers/Desktop/tinttrack -experimental-emit-module-separately -disable-cmo

Copy /Users/samviers/Desktop/tinttrack/build/DerivedData/Build/Products/Debug-iphonesimulator/TintTrackTests.swiftmodule/arm64-apple-ios-simulator.abi.json /Users/samviers/Desktop/tinttrack/build/DerivedData/Build/Intermediates.noindex/TintTrack.build/Debug-iphonesimulator/TintTrackTests.build/Objects-normal/arm64/TintTrackTests.abi.json (in target 'TintTrackTests' from project 'TintTrack')
    cd /Users/samviers/Desktop/tinttrack
    builtin-copy -exclude .DS_Store -exclude CVS -exclude .svn -exclude .git -exclude .hg -resolve-src-symlinks -rename /Users/samviers/Desktop/tinttrack/build/DerivedData/Build/Intermediates.noindex/TintTrack.build/Debug-iphonesimulator/TintTrackTests.build/Objects-normal/arm64/TintTrackTests.abi.json /Users/samviers/Desktop/tinttrack/build/DerivedData/Build/Products/Debug-iphonesimulator/TintTrackTests.swiftmodule/arm64-apple-ios-simulator.abi.json

SwiftDriverJobDiscovery normal arm64 Compiling UnitsServiceTests.swift (in target 'TintTrackTests' from project 'TintTrack')

SwiftDriverJobDiscovery normal arm64 Compiling InventoryServiceTests.swift (in target 'TintTrackTests' from project 'TintTrack')

SwiftDriverJobDiscovery normal arm64 Compiling ClientDetailView.swift, ContentView.swift (in target 'TintTrack' from project 'TintTrack')

SwiftDriverJobDiscovery normal arm64 Compiling FormulaEditorView.swift, FormulaLineItem.swift (in target 'TintTrack' from project 'TintTrack')

SwiftDriverJobDiscovery normal arm64 Compiling FormulaServiceTests.swift (in target 'TintTrackTests' from project 'TintTrack')

SwiftDriver\ Compilation TintTrackTests normal arm64 com.apple.xcode.tools.swift.compiler (in target 'TintTrackTests' from project 'TintTrack')
    cd /Users/samviers/Desktop/tinttrack
    builtin-Swift-Compilation -- /Applications/Xcode.app/Contents/Developer/Toolchains/XcodeDefault.xctoolchain/usr/bin/swiftc -module-name TintTrackTests -Onone -enforce-exclusivity\=checked @/Users/samviers/Desktop/tinttrack/build/DerivedData/Build/Intermediates.noindex/TintTrack.build/Debug-iphonesimulator/TintTrackTests.build/Objects-normal/arm64/TintTrackTests.SwiftFileList -DDEBUG -plugin-path /Applications/Xcode.app/Contents/Developer/Toolchains/XcodeDefault.xctoolchain/usr/lib/swift/host/plugins/testing -enable-experimental-feature DebugDescriptionMacro -sdk /Applications/Xcode.app/Contents/Developer/Platforms/iPhoneSimulator.platform/Developer/SDKs/iPhoneSimulator26.2.sdk -target arm64-apple-ios18.0-simulator -g -module-cache-path /Users/samviers/Desktop/tinttrack/build/DerivedData/ModuleCache.noindex -Xfrontend -serialize-debugging-options -profile-coverage-mapping -profile-generate -enable-testing -index-store-path /Users/samviers/Desktop/tinttrack/build/DerivedData/Index.noindex/DataStore -Xcc -D_LIBCPP_HARDENING_MODE\=_LIBCPP_HARDENING_MODE_DEBUG -swift-version 6 -I /Users/samviers/Desktop/tinttrack/build/DerivedData/Build/Products/Debug-iphonesimulator -Isystem /Applications/Xcode.app/Contents/Developer/Platforms/iPhoneSimulator.platform/Developer/usr/lib -F /Users/samviers/Desktop/tinttrack/build/DerivedData/Build/Products/Debug-iphonesimulator -F /Applications/Xcode.app/Contents/Developer/Platforms/iPhoneSimulator.platform/Developer/Library/Frameworks -F /Applications/Xcode.app/Contents/Developer/Platforms/iPhoneSimulator.platform/Developer/SDKs/iPhoneSimulator26.2.sdk/Developer/Library/Frameworks -c -j8 -enable-batch-mode -incremental -Xcc -ivfsstatcache -Xcc /Users/samviers/Desktop/tinttrack/build/DerivedData/SDKStatCaches.noindex/iphonesimulator26.2-23C53-7d00a8b37fbd7999ea79df8ebc024bf0.sdkstatcache -output-file-map /Users/samviers/Desktop/tinttrack/build/DerivedData/Build/Intermediates.noindex/TintTrack.build/Debug-iphonesimulator/TintTrackTests.build/Objects-normal/arm64/TintTrackTests-OutputFileMap.json -use-frontend-parseable-output -save-temps -no-color-diagnostics -explicit-module-build -module-cache-path /Users/samviers/Desktop/tinttrack/build/DerivedData/Build/Intermediates.noindex/SwiftExplicitPrecompiledModules -clang-scanner-module-cache-path /Users/samviers/Desktop/tinttrack/build/DerivedData/ModuleCache.noindex -sdk-module-cache-path /Users/samviers/Desktop/tinttrack/build/DerivedData/ModuleCache.noindex -serialize-diagnostics -emit-dependencies -emit-module -emit-module-path /Users/samviers/Desktop/tinttrack/build/DerivedData/Build/Intermediates.noindex/TintTrack.build/Debug-iphonesimulator/TintTrackTests.build/Objects-normal/arm64/TintTrackTests.swiftmodule -validate-clang-modules-once -clang-build-session-file /Users/samviers/Desktop/tinttrack/build/DerivedData/ModuleCache.noindex/Session.modulevalidation -Xcc -I/Users/samviers/Desktop/tinttrack/build/DerivedData/Build/Intermediates.noindex/TintTrack.build/Debug-iphonesimulator/TintTrackTests.build/swift-overrides.hmap -emit-const-values -Xfrontend -const-gather-protocols-file -Xfrontend /Users/samviers/Desktop/tinttrack/build/DerivedData/Build/Intermediates.noindex/TintTrack.build/Debug-iphonesimulator/TintTrackTests.build/Objects-normal/arm64/TintTrackTests_const_extract_protocols.json -Xcc -iquote -Xcc /Users/samviers/Desktop/tinttrack/build/DerivedData/Build/Intermediates.noindex/TintTrack.build/Debug-iphonesimulator/TintTrackTests.build/TintTrackTests-generated-files.hmap -Xcc -I/Users/samviers/Desktop/tinttrack/build/DerivedData/Build/Intermediates.noindex/TintTrack.build/Debug-iphonesimulator/TintTrackTests.build/TintTrackTests-own-target-headers.hmap -Xcc -I/Users/samviers/Desktop/tinttrack/build/DerivedData/Build/Intermediates.noindex/TintTrack.build/Debug-iphonesimulator/TintTrackTests.build/TintTrackTests-all-target-headers.hmap -Xcc -iquote -Xcc /Users/samviers/Desktop/tinttrack/build/DerivedData/Build/Intermediates.noindex/TintTrack.build/Debug-iphonesimulator/TintTrackTests.build/TintTrackTests-project-headers.hmap -Xcc -I/Users/samviers/Desktop/tinttrack/build/DerivedData/Build/Products/Debug-iphonesimulator/include -Xcc -I/Users/samviers/Desktop/tinttrack/build/DerivedData/Build/Intermediates.noindex/TintTrack.build/Debug-iphonesimulator/TintTrackTests.build/DerivedSources-normal/arm64 -Xcc -I/Users/samviers/Desktop/tinttrack/build/DerivedData/Build/Intermediates.noindex/TintTrack.build/Debug-iphonesimulator/TintTrackTests.build/DerivedSources/arm64 -Xcc -I/Users/samviers/Desktop/tinttrack/build/DerivedData/Build/Intermediates.noindex/TintTrack.build/Debug-iphonesimulator/TintTrackTests.build/DerivedSources -Xcc -DDEBUG\=1 -emit-objc-header -emit-objc-header-path /Users/samviers/Desktop/tinttrack/build/DerivedData/Build/Intermediates.noindex/TintTrack.build/Debug-iphonesimulator/TintTrackTests.build/Objects-normal/arm64/TintTrackTests-Swift.h -working-directory /Users/samviers/Desktop/tinttrack -experimental-emit-module-separately -disable-cmo

SwiftDriverJobDiscovery normal arm64 Compiling InventoryRootView.swift (in target 'TintTrack' from project 'TintTrack')

SwiftDriver\ Compilation TintTrack normal arm64 com.apple.xcode.tools.swift.compiler (in target 'TintTrack' from project 'TintTrack')
    cd /Users/samviers/Desktop/tinttrack
    builtin-Swift-Compilation -- /Applications/Xcode.app/Contents/Developer/Toolchains/XcodeDefault.xctoolchain/usr/bin/swiftc -module-name TintTrack -Onone -enforce-exclusivity\=checked @/Users/samviers/Desktop/tinttrack/build/DerivedData/Build/Intermediates.noindex/TintTrack.build/Debug-iphonesimulator/TintTrack.build/Objects-normal/arm64/TintTrack.SwiftFileList -DDEBUG -enable-experimental-feature DebugDescriptionMacro -sdk /Applications/Xcode.app/Contents/Developer/Platforms/iPhoneSimulator.platform/Developer/SDKs/iPhoneSimulator26.2.sdk -target arm64-apple-ios18.0-simulator -g -module-cache-path /Users/samviers/Desktop/tinttrack/build/DerivedData/ModuleCache.noindex -Xfrontend -serialize-debugging-options -profile-coverage-mapping -profile-generate -enable-testing -index-store-path /Users/samviers/Desktop/tinttrack/build/DerivedData/Index.noindex/DataStore -Xcc -D_LIBCPP_HARDENING_MODE\=_LIBCPP_HARDENING_MODE_DEBUG -swift-version 6 -I /Users/samviers/Desktop/tinttrack/build/DerivedData/Build/Products/Debug-iphonesimulator -F /Users/samviers/Desktop/tinttrack/build/DerivedData/Build/Products/Debug-iphonesimulator -c -j8 -enable-batch-mode -incremental -Xcc -ivfsstatcache -Xcc /Users/samviers/Desktop/tinttrack/build/DerivedData/SDKStatCaches.noindex/iphonesimulator26.2-23C53-7d00a8b37fbd7999ea79df8ebc024bf0.sdkstatcache -output-file-map /Users/samviers/Desktop/tinttrack/build/DerivedData/Build/Intermediates.noindex/TintTrack.build/Debug-iphonesimulator/TintTrack.build/Objects-normal/arm64/TintTrack-OutputFileMap.json -use-frontend-parseable-output -save-temps -no-color-diagnostics -explicit-module-build -module-cache-path /Users/samviers/Desktop/tinttrack/build/DerivedData/Build/Intermediates.noindex/SwiftExplicitPrecompiledModules -clang-scanner-module-cache-path /Users/samviers/Desktop/tinttrack/build/DerivedData/ModuleCache.noindex -sdk-module-cache-path /Users/samviers/Desktop/tinttrack/build/DerivedData/ModuleCache.noindex -serialize-diagnostics -emit-dependencies -emit-module -emit-module-path /Users/samviers/Desktop/tinttrack/build/DerivedData/Build/Intermediates.noindex/TintTrack.build/Debug-iphonesimulator/TintTrack.build/Objects-normal/arm64/TintTrack.swiftmodule -validate-clang-modules-once -clang-build-session-file /Users/samviers/Desktop/tinttrack/build/DerivedData/ModuleCache.noindex/Session.modulevalidation -Xcc -I/Users/samviers/Desktop/tinttrack/build/DerivedData/Build/Intermediates.noindex/TintTrack.build/Debug-iphonesimulator/TintTrack.build/swift-overrides.hmap -emit-const-values -Xfrontend -const-gather-protocols-file -Xfrontend /Users/samviers/Desktop/tinttrack/build/DerivedData/Build/Intermediates.noindex/TintTrack.build/Debug-iphonesimulator/TintTrack.build/Objects-normal/arm64/TintTrack_const_extract_protocols.json -Xcc -iquote -Xcc /Users/samviers/Desktop/tinttrack/build/DerivedData/Build/Intermediates.noindex/TintTrack.build/Debug-iphonesimulator/TintTrack.build/TintTrack-generated-files.hmap -Xcc -I/Users/samviers/Desktop/tinttrack/build/DerivedData/Build/Intermediates.noindex/TintTrack.build/Debug-iphonesimulator/TintTrack.build/TintTrack-own-target-headers.hmap -Xcc -I/Users/samviers/Desktop/tinttrack/build/DerivedData/Build/Intermediates.noindex/TintTrack.build/Debug-iphonesimulator/TintTrack.build/TintTrack-all-target-headers.hmap -Xcc -iquote -Xcc /Users/samviers/Desktop/tinttrack/build/DerivedData/Build/Intermediates.noindex/TintTrack.build/Debug-iphonesimulator/TintTrack.build/TintTrack-project-headers.hmap -Xcc -I/Users/samviers/Desktop/tinttrack/build/DerivedData/Build/Products/Debug-iphonesimulator/include -Xcc -I/Users/samviers/Desktop/tinttrack/build/DerivedData/Build/Intermediates.noindex/TintTrack.build/Debug-iphonesimulator/TintTrack.build/DerivedSources-normal/arm64 -Xcc -I/Users/samviers/Desktop/tinttrack/build/DerivedData/Build/Intermediates.noindex/TintTrack.build/Debug-iphonesimulator/TintTrack.build/DerivedSources/arm64 -Xcc -I/Users/samviers/Desktop/tinttrack/build/DerivedData/Build/Intermediates.noindex/TintTrack.build/Debug-iphonesimulator/TintTrack.build/DerivedSources -Xcc -DDEBUG\=1 -emit-objc-header -emit-objc-header-path /Users/samviers/Desktop/tinttrack/build/DerivedData/Build/Intermediates.noindex/TintTrack.build/Debug-iphonesimulator/TintTrack.build/Objects-normal/arm64/TintTrack-Swift.h -working-directory /Users/samviers/Desktop/tinttrack -experimental-emit-module-separately -disable-cmo

Ld /Users/samviers/Desktop/tinttrack/build/DerivedData/Build/Products/Debug-iphonesimulator/TintTrack.app/TintTrack.debug.dylib normal (in target 'TintTrack' from project 'TintTrack')
    cd /Users/samviers/Desktop/tinttrack
    /Applications/Xcode.app/Contents/Developer/Toolchains/XcodeDefault.xctoolchain/usr/bin/clang -Xlinker -reproducible -target arm64-apple-ios18.0-simulator -dynamiclib -isysroot /Applications/Xcode.app/Contents/Developer/Platforms/iPhoneSimulator.platform/Developer/SDKs/iPhoneSimulator26.2.sdk -O0 -L/Users/samviers/Desktop/tinttrack/build/DerivedData/Build/Intermediates.noindex/EagerLinkingTBDs/Debug-iphonesimulator -L/Users/samviers/Desktop/tinttrack/build/DerivedData/Build/Products/Debug-iphonesimulator -F/Users/samviers/Desktop/tinttrack/build/DerivedData/Build/Intermediates.noindex/EagerLinkingTBDs/Debug-iphonesimulator -F/Users/samviers/Desktop/tinttrack/build/DerivedData/Build/Products/Debug-iphonesimulator -filelist /Users/samviers/Desktop/tinttrack/build/DerivedData/Build/Intermediates.noindex/TintTrack.build/Debug-iphonesimulator/TintTrack.build/Objects-normal/arm64/TintTrack.LinkFileList -install_name @rpath/TintTrack.debug.dylib -Xlinker -rpath -Xlinker /usr/lib/swift -Xlinker -rpath -Xlinker @executable_path/Frameworks -dead_strip -Xlinker -object_path_lto -Xlinker /Users/samviers/Desktop/tinttrack/build/DerivedData/Build/Intermediates.noindex/TintTrack.build/Debug-iphonesimulator/TintTrack.build/Objects-normal/arm64/TintTrack_lto.o -rdynamic -Xlinker -no_deduplicate -Xlinker -objc_abi_version -Xlinker 2 -Xlinker -debug_variant -Xlinker -dependency_info -Xlinker /Users/samviers/Desktop/tinttrack/build/DerivedData/Build/Intermediates.noindex/TintTrack.build/Debug-iphonesimulator/TintTrack.build/Objects-normal/arm64/TintTrack_dependency_info.dat -fobjc-link-runtime -fprofile-instr-generate -L/Applications/Xcode.app/Contents/Developer/Toolchains/XcodeDefault.xctoolchain/usr/lib/swift/iphonesimulator -L/usr/lib/swift -Xlinker -add_ast_path -Xlinker /Users/samviers/Desktop/tinttrack/build/DerivedData/Build/Intermediates.noindex/TintTrack.build/Debug-iphonesimulator/TintTrack.build/Objects-normal/arm64/TintTrack.swiftmodule @/Users/samviers/Desktop/tinttrack/build/DerivedData/Build/Intermediates.noindex/TintTrack.build/Debug-iphonesimulator/TintTrack.build/Objects-normal/arm64/TintTrack-linker-args.resp -Xlinker -alias -Xlinker _main -Xlinker ___debug_main_executable_dylib_entry_point -o /Users/samviers/Desktop/tinttrack/build/DerivedData/Build/Products/Debug-iphonesimulator/TintTrack.app/TintTrack.debug.dylib

ConstructStubExecutorLinkFileList /Users/samviers/Desktop/tinttrack/build/DerivedData/Build/Intermediates.noindex/TintTrack.build/Debug-iphonesimulator/TintTrack.build/TintTrack-ExecutorLinkFileList-normal-arm64.txt (in target 'TintTrack' from project 'TintTrack')
    cd /Users/samviers/Desktop/tinttrack
    construct-stub-executor-link-file-list /Users/samviers/Desktop/tinttrack/build/DerivedData/Build/Products/Debug-iphonesimulator/TintTrack.app/TintTrack.debug.dylib /Applications/Xcode.app/Contents/Developer/Platforms/iPhoneSimulator.platform/Developer/usr/lib/libPreviewsJITStubExecutor_no_swift_entry_point.a /Applications/Xcode.app/Contents/Developer/Platforms/iPhoneSimulator.platform/Developer/usr/lib/libPreviewsJITStubExecutor.a --output /Users/samviers/Desktop/tinttrack/build/DerivedData/Build/Intermediates.noindex/TintTrack.build/Debug-iphonesimulator/TintTrack.build/TintTrack-ExecutorLinkFileList-normal-arm64.txt
note: Using stub executor library with Swift entry point. (in target 'TintTrack' from project 'TintTrack')

GenerateDSYMFile /Users/samviers/Desktop/tinttrack/build/DerivedData/Build/Products/Debug-iphonesimulator/TintTrack.app.dSYM /Users/samviers/Desktop/tinttrack/build/DerivedData/Build/Products/Debug-iphonesimulator/TintTrack.app/TintTrack.debug.dylib (in target 'TintTrack' from project 'TintTrack')
    cd /Users/samviers/Desktop/tinttrack
    /Applications/Xcode.app/Contents/Developer/Toolchains/XcodeDefault.xctoolchain/usr/bin/dsymutil /Users/samviers/Desktop/tinttrack/build/DerivedData/Build/Products/Debug-iphonesimulator/TintTrack.app/TintTrack.debug.dylib -o /Users/samviers/Desktop/tinttrack/build/DerivedData/Build/Products/Debug-iphonesimulator/TintTrack.app.dSYM

Ld /Users/samviers/Desktop/tinttrack/build/DerivedData/Build/Products/Debug-iphonesimulator/TintTrack.app/TintTrack normal (in target 'TintTrack' from project 'TintTrack')
    cd /Users/samviers/Desktop/tinttrack
    /Applications/Xcode.app/Contents/Developer/Toolchains/XcodeDefault.xctoolchain/usr/bin/clang -Xlinker -reproducible -target arm64-apple-ios18.0-simulator -isysroot /Applications/Xcode.app/Contents/Developer/Platforms/iPhoneSimulator.platform/Developer/SDKs/iPhoneSimulator26.2.sdk -O0 -L/Users/samviers/Desktop/tinttrack/build/DerivedData/Build/Products/Debug-iphonesimulator -F/Users/samviers/Desktop/tinttrack/build/DerivedData/Build/Products/Debug-iphonesimulator -Xlinker -rpath -Xlinker @executable_path -Xlinker -rpath -Xlinker @executable_path/Frameworks -rdynamic -Xlinker -no_deduplicate -Xlinker -objc_abi_version -Xlinker 2 -Xlinker -debug_variant -e ___debug_blank_executor_main -Xlinker -sectcreate -Xlinker __TEXT -Xlinker __debug_dylib -Xlinker /Users/samviers/Desktop/tinttrack/build/DerivedData/Build/Intermediates.noindex/TintTrack.build/Debug-iphonesimulator/TintTrack.build/TintTrack-DebugDylibPath-normal-arm64.txt -Xlinker -sectcreate -Xlinker __TEXT -Xlinker __debug_instlnm -Xlinker /Users/samviers/Desktop/tinttrack/build/DerivedData/Build/Intermediates.noindex/TintTrack.build/Debug-iphonesimulator/TintTrack.build/TintTrack-DebugDylibInstallName-normal-arm64.txt -Xlinker -filelist -Xlinker /Users/samviers/Desktop/tinttrack/build/DerivedData/Build/Intermediates.noindex/TintTrack.build/Debug-iphonesimulator/TintTrack.build/TintTrack-ExecutorLinkFileList-normal-arm64.txt /Users/samviers/Desktop/tinttrack/build/DerivedData/Build/Products/Debug-iphonesimulator/TintTrack.app/TintTrack.debug.dylib -o /Users/samviers/Desktop/tinttrack/build/DerivedData/Build/Products/Debug-iphonesimulator/TintTrack.app/TintTrack

GenerateDSYMFile /Users/samviers/Desktop/tinttrack/build/DerivedData/Build/Products/Debug-iphonesimulator/TintTrack.app.dSYM /Users/samviers/Desktop/tinttrack/build/DerivedData/Build/Products/Debug-iphonesimulator/TintTrack.app/TintTrack (in target 'TintTrack' from project 'TintTrack')
    cd /Users/samviers/Desktop/tinttrack
    /Applications/Xcode.app/Contents/Developer/Toolchains/XcodeDefault.xctoolchain/usr/bin/dsymutil -q /Users/samviers/Desktop/tinttrack/build/DerivedData/Build/Products/Debug-iphonesimulator/TintTrack.app/TintTrack -o /Users/samviers/Desktop/tinttrack/build/DerivedData/Build/Products/Debug-iphonesimulator/TintTrack.app.dSYM

ExtractAppIntentsMetadata (in target 'TintTrack' from project 'TintTrack')
    cd /Users/samviers/Desktop/tinttrack
    /Applications/Xcode.app/Contents/Developer/Toolchains/XcodeDefault.xctoolchain/usr/bin/appintentsmetadataprocessor --toolchain-dir /Applications/Xcode.app/Contents/Developer/Toolchains/XcodeDefault.xctoolchain --module-name TintTrack --sdk-root /Applications/Xcode.app/Contents/Developer/Platforms/iPhoneSimulator.platform/Developer/SDKs/iPhoneSimulator26.2.sdk --xcode-version 17C52 --platform-family iOS --deployment-target 18.0 --bundle-identifier com.yourcompany.tinttrack --output /Users/samviers/Desktop/tinttrack/build/DerivedData/Build/Products/Debug-iphonesimulator/TintTrack.app --target-triple arm64-apple-ios18.0-simulator --binary-file /Users/samviers/Desktop/tinttrack/build/DerivedData/Build/Products/Debug-iphonesimulator/TintTrack.app/TintTrack --dependency-file /Users/samviers/Desktop/tinttrack/build/DerivedData/Build/Intermediates.noindex/TintTrack.build/Debug-iphonesimulator/TintTrack.build/Objects-normal/arm64/TintTrack_dependency_info.dat --stringsdata-file /Users/samviers/Desktop/tinttrack/build/DerivedData/Build/Intermediates.noindex/TintTrack.build/Debug-iphonesimulator/TintTrack.build/Objects-normal/arm64/ExtractedAppShortcutsMetadata.stringsdata --source-file-list /Users/samviers/Desktop/tinttrack/build/DerivedData/Build/Intermediates.noindex/TintTrack.build/Debug-iphonesimulator/TintTrack.build/Objects-normal/arm64/TintTrack.SwiftFileList --metadata-file-list /Users/samviers/Desktop/tinttrack/build/DerivedData/Build/Intermediates.noindex/TintTrack.build/Debug-iphonesimulator/TintTrack.build/TintTrack.DependencyMetadataFileList --static-metadata-file-list /Users/samviers/Desktop/tinttrack/build/DerivedData/Build/Intermediates.noindex/TintTrack.build/Debug-iphonesimulator/TintTrack.build/TintTrack.DependencyStaticMetadataFileList --swift-const-vals-list /Users/samviers/Desktop/tinttrack/build/DerivedData/Build/Intermediates.noindex/TintTrack.build/Debug-iphonesimulator/TintTrack.build/Objects-normal/arm64/TintTrack.SwiftConstValuesFileList --compile-time-extraction --deployment-aware-processing --validate-assistant-intents --no-app-shortcuts-localization
2026-01-14 04:21:14.878 appintentsmetadataprocessor[9635:1271254] Starting appintentsmetadataprocessor export
2026-01-14 04:21:14.879 appintentsmetadataprocessor[9635:1271254] warning: Metadata extraction skipped. No AppIntents.framework dependency found.

CopySwiftLibs /Users/samviers/Desktop/tinttrack/build/DerivedData/Build/Products/Debug-iphonesimulator/TintTrack.app (in target 'TintTrack' from project 'TintTrack')
    cd /Users/samviers/Desktop/tinttrack
    builtin-swiftStdLibTool --copy --verbose --scan-executable /Users/samviers/Desktop/tinttrack/build/DerivedData/Build/Products/Debug-iphonesimulator/TintTrack.app/TintTrack.debug.dylib --scan-folder /Users/samviers/Desktop/tinttrack/build/DerivedData/Build/Products/Debug-iphonesimulator/TintTrack.app/Frameworks --scan-folder /Users/samviers/Desktop/tinttrack/build/DerivedData/Build/Products/Debug-iphonesimulator/TintTrack.app/PlugIns --scan-folder /Users/samviers/Desktop/tinttrack/build/DerivedData/Build/Products/Debug-iphonesimulator/TintTrack.app/SystemExtensions --scan-folder /Users/samviers/Desktop/tinttrack/build/DerivedData/Build/Products/Debug-iphonesimulator/TintTrack.app/Extensions --platform iphonesimulator --toolchain /Applications/Xcode.app/Contents/Developer/Toolchains/XcodeDefault.xctoolchain --destination /Users/samviers/Desktop/tinttrack/build/DerivedData/Build/Products/Debug-iphonesimulator/TintTrack.app/Frameworks --strip-bitcode --strip-bitcode-tool /Applications/Xcode.app/Contents/Developer/Toolchains/XcodeDefault.xctoolchain/usr/bin/bitcode_strip --emit-dependency-info /Users/samviers/Desktop/tinttrack/build/DerivedData/Build/Intermediates.noindex/TintTrack.build/Debug-iphonesimulator/TintTrack.build/SwiftStdLibToolInputDependencies.dep --filter-for-swift-os
Ignoring --strip-bitcode because --sign was not passed

AppIntentsSSUTraining (in target 'TintTrack' from project 'TintTrack')
    cd /Users/samviers/Desktop/tinttrack
    /Applications/Xcode.app/Contents/Developer/Toolchains/XcodeDefault.xctoolchain/usr/bin/appintentsnltrainingprocessor --infoplist-path /Users/samviers/Desktop/tinttrack/build/DerivedData/Build/Products/Debug-iphonesimulator/TintTrack.app/Info.plist --temp-dir-path /Users/samviers/Desktop/tinttrack/build/DerivedData/Build/Intermediates.noindex/TintTrack.build/Debug-iphonesimulator/TintTrack.build/ssu --bundle-id com.yourcompany.tinttrack --product-path /Users/samviers/Desktop/tinttrack/build/DerivedData/Build/Products/Debug-iphonesimulator/TintTrack.app --extracted-metadata-path /Users/samviers/Desktop/tinttrack/build/DerivedData/Build/Products/Debug-iphonesimulator/TintTrack.app/Metadata.appintents --metadata-file-list /Users/samviers/Desktop/tinttrack/build/DerivedData/Build/Intermediates.noindex/TintTrack.build/Debug-iphonesimulator/TintTrack.build/TintTrack.DependencyMetadataFileList --archive-ssu-assets
2026-01-14 04:21:14.901 appintentsnltrainingprocessor[9636:1271262] Parsing options for appintentsnltrainingprocessor
2026-01-14 04:21:14.902 appintentsnltrainingprocessor[9636:1271262] No AppShortcuts found - Skipping.

ProcessInfoPlistFile /Users/samviers/Desktop/tinttrack/build/DerivedData/Build/Products/Debug-iphonesimulator/TintTrack.app/PlugIns/TintTrackTests.xctest/Info.plist /Users/samviers/Desktop/tinttrack/build/DerivedData/Build/Intermediates.noindex/TintTrack.build/Debug-iphonesimulator/TintTrackTests.build/empty-TintTrackTests.plist (in target 'TintTrackTests' from project 'TintTrack')
    cd /Users/samviers/Desktop/tinttrack
    builtin-infoPlistUtility /Users/samviers/Desktop/tinttrack/build/DerivedData/Build/Intermediates.noindex/TintTrack.build/Debug-iphonesimulator/TintTrackTests.build/empty-TintTrackTests.plist -producttype com.apple.product-type.bundle.unit-test -expandbuildsettings -format binary -platform iphonesimulator -o /Users/samviers/Desktop/tinttrack/build/DerivedData/Build/Products/Debug-iphonesimulator/TintTrack.app/PlugIns/TintTrackTests.xctest/Info.plist

Ld /Users/samviers/Desktop/tinttrack/build/DerivedData/Build/Products/Debug-iphonesimulator/TintTrack.app/PlugIns/TintTrackTests.xctest/TintTrackTests normal (in target 'TintTrackTests' from project 'TintTrack')
    cd /Users/samviers/Desktop/tinttrack
    /Applications/Xcode.app/Contents/Developer/Toolchains/XcodeDefault.xctoolchain/usr/bin/clang -Xlinker -reproducible -target arm64-apple-ios18.0-simulator -bundle -isysroot /Applications/Xcode.app/Contents/Developer/Platforms/iPhoneSimulator.platform/Developer/SDKs/iPhoneSimulator26.2.sdk -O0 -L/Users/samviers/Desktop/tinttrack/build/DerivedData/Build/Intermediates.noindex/EagerLinkingTBDs/Debug-iphonesimulator -L/Users/samviers/Desktop/tinttrack/build/DerivedData/Build/Products/Debug-iphonesimulator -L/Applications/Xcode.app/Contents/Developer/Platforms/iPhoneSimulator.platform/Developer/usr/lib -F/Users/samviers/Desktop/tinttrack/build/DerivedData/Build/Intermediates.noindex/EagerLinkingTBDs/Debug-iphonesimulator -F/Users/samviers/Desktop/tinttrack/build/DerivedData/Build/Products/Debug-iphonesimulator -iframework /Applications/Xcode.app/Contents/Developer/Platforms/iPhoneSimulator.platform/Developer/Library/Frameworks -iframework /Applications/Xcode.app/Contents/Developer/Platforms/iPhoneSimulator.platform/Developer/SDKs/iPhoneSimulator26.2.sdk/Developer/Library/Frameworks -filelist /Users/samviers/Desktop/tinttrack/build/DerivedData/Build/Intermediates.noindex/TintTrack.build/Debug-iphonesimulator/TintTrackTests.build/Objects-normal/arm64/TintTrackTests.LinkFileList -Xlinker -rpath -Xlinker /usr/lib/swift -Xlinker -rpath -Xlinker @loader_path/Frameworks -Xlinker -rpath -Xlinker @executable_path/Frameworks -dead_strip -bundle_loader /Users/samviers/Desktop/tinttrack/build/DerivedData/Build/Products/Debug-iphonesimulator/TintTrack.app/TintTrack -Xlinker -object_path_lto -Xlinker /Users/samviers/Desktop/tinttrack/build/DerivedData/Build/Intermediates.noindex/TintTrack.build/Debug-iphonesimulator/TintTrackTests.build/Objects-normal/arm64/TintTrackTests_lto.o -rdynamic -Xlinker -no_deduplicate -Xlinker -objc_abi_version -Xlinker 2 -Xlinker -debug_variant -Xlinker -dependency_info -Xlinker /Users/samviers/Desktop/tinttrack/build/DerivedData/Build/Intermediates.noindex/TintTrack.build/Debug-iphonesimulator/TintTrackTests.build/Objects-normal/arm64/TintTrackTests_dependency_info.dat -fobjc-link-runtime -fprofile-instr-generate -L/Applications/Xcode.app/Contents/Developer/Toolchains/XcodeDefault.xctoolchain/usr/lib/swift/iphonesimulator -L/usr/lib/swift -Xlinker -add_ast_path -Xlinker /Users/samviers/Desktop/tinttrack/build/DerivedData/Build/Intermediates.noindex/TintTrack.build/Debug-iphonesimulator/TintTrackTests.build/Objects-normal/arm64/TintTrackTests.swiftmodule @/Users/samviers/Desktop/tinttrack/build/DerivedData/Build/Intermediates.noindex/TintTrack.build/Debug-iphonesimulator/TintTrackTests.build/Objects-normal/arm64/TintTrackTests-linker-args.resp -Xlinker -needed_framework -Xlinker XCTest -framework XCTest -Xlinker -needed-lXCTestSwiftSupport -lXCTestSwiftSupport /Users/samviers/Desktop/tinttrack/build/DerivedData/Build/Products/Debug-iphonesimulator/TintTrack.app/TintTrack.debug.dylib -o /Users/samviers/Desktop/tinttrack/build/DerivedData/Build/Products/Debug-iphonesimulator/TintTrack.app/PlugIns/TintTrackTests.xctest/TintTrackTests

ExtractAppIntentsMetadata (in target 'TintTrackTests' from project 'TintTrack')
    cd /Users/samviers/Desktop/tinttrack
    /Applications/Xcode.app/Contents/Developer/Toolchains/XcodeDefault.xctoolchain/usr/bin/appintentsmetadataprocessor --toolchain-dir /Applications/Xcode.app/Contents/Developer/Toolchains/XcodeDefault.xctoolchain --module-name TintTrackTests --sdk-root /Applications/Xcode.app/Contents/Developer/Platforms/iPhoneSimulator.platform/Developer/SDKs/iPhoneSimulator26.2.sdk --xcode-version 17C52 --platform-family iOS --deployment-target 18.0 --bundle-identifier com.yourcompany.tinttrack.tests --output /Users/samviers/Desktop/tinttrack/build/DerivedData/Build/Products/Debug-iphonesimulator/TintTrack.app/PlugIns/TintTrackTests.xctest --target-triple arm64-apple-ios18.0-simulator --binary-file /Users/samviers/Desktop/tinttrack/build/DerivedData/Build/Products/Debug-iphonesimulator/TintTrack.app/PlugIns/TintTrackTests.xctest/TintTrackTests --dependency-file /Users/samviers/Desktop/tinttrack/build/DerivedData/Build/Intermediates.noindex/TintTrack.build/Debug-iphonesimulator/TintTrackTests.build/Objects-normal/arm64/TintTrackTests_dependency_info.dat --stringsdata-file /Users/samviers/Desktop/tinttrack/build/DerivedData/Build/Intermediates.noindex/TintTrack.build/Debug-iphonesimulator/TintTrackTests.build/Objects-normal/arm64/ExtractedAppShortcutsMetadata.stringsdata --source-file-list /Users/samviers/Desktop/tinttrack/build/DerivedData/Build/Intermediates.noindex/TintTrack.build/Debug-iphonesimulator/TintTrackTests.build/Objects-normal/arm64/TintTrackTests.SwiftFileList --metadata-file-list /Users/samviers/Desktop/tinttrack/build/DerivedData/Build/Intermediates.noindex/TintTrack.build/Debug-iphonesimulator/TintTrackTests.build/TintTrackTests.DependencyMetadataFileList --static-metadata-file-list /Users/samviers/Desktop/tinttrack/build/DerivedData/Build/Intermediates.noindex/TintTrack.build/Debug-iphonesimulator/TintTrackTests.build/TintTrackTests.DependencyStaticMetadataFileList --swift-const-vals-list /Users/samviers/Desktop/tinttrack/build/DerivedData/Build/Intermediates.noindex/TintTrack.build/Debug-iphonesimulator/TintTrackTests.build/Objects-normal/arm64/TintTrackTests.SwiftConstValuesFileList --compile-time-extraction --deployment-aware-processing --validate-assistant-intents --no-app-shortcuts-localization
2026-01-14 04:21:15.216 appintentsmetadataprocessor[9687:1271361] Starting appintentsmetadataprocessor export
2026-01-14 04:21:15.218 appintentsmetadataprocessor[9687:1271361] warning: Metadata extraction skipped. No AppIntents.framework dependency found.

CopySwiftLibs /Users/samviers/Desktop/tinttrack/build/DerivedData/Build/Products/Debug-iphonesimulator/TintTrack.app/PlugIns/TintTrackTests.xctest (in target 'TintTrackTests' from project 'TintTrack')
    cd /Users/samviers/Desktop/tinttrack
    builtin-swiftStdLibTool --copy --verbose --scan-executable /Users/samviers/Desktop/tinttrack/build/DerivedData/Build/Products/Debug-iphonesimulator/TintTrack.app/PlugIns/TintTrackTests.xctest/TintTrackTests --scan-folder /Users/samviers/Desktop/tinttrack/build/DerivedData/Build/Products/Debug-iphonesimulator/TintTrack.app/PlugIns/TintTrackTests.xctest/Frameworks --scan-folder /Users/samviers/Desktop/tinttrack/build/DerivedData/Build/Products/Debug-iphonesimulator/TintTrack.app/PlugIns/TintTrackTests.xctest/PlugIns --scan-folder /Users/samviers/Desktop/tinttrack/build/DerivedData/Build/Products/Debug-iphonesimulator/TintTrack.app/PlugIns/TintTrackTests.xctest/SystemExtensions --scan-folder /Users/samviers/Desktop/tinttrack/build/DerivedData/Build/Products/Debug-iphonesimulator/TintTrack.app/PlugIns/TintTrackTests.xctest/Extensions --platform iphonesimulator --toolchain /Applications/Xcode.app/Contents/Developer/Toolchains/XcodeDefault.xctoolchain --destination /Users/samviers/Desktop/tinttrack/build/DerivedData/Build/Products/Debug-iphonesimulator/TintTrack.app/PlugIns/TintTrackTests.xctest/Frameworks --strip-bitcode --scan-executable /Applications/Xcode.app/Contents/Developer/Platforms/iPhoneSimulator.platform/Developer/usr/lib/libXCTestSwiftSupport.dylib --strip-bitcode-tool /Applications/Xcode.app/Contents/Developer/Toolchains/XcodeDefault.xctoolchain/usr/bin/bitcode_strip --emit-dependency-info /Users/samviers/Desktop/tinttrack/build/DerivedData/Build/Intermediates.noindex/TintTrack.build/Debug-iphonesimulator/TintTrackTests.build/SwiftStdLibToolInputDependencies.dep --filter-for-swift-os
Ignoring --strip-bitcode because --sign was not passed

Validate /Users/samviers/Desktop/tinttrack/build/DerivedData/Build/Products/Debug-iphonesimulator/TintTrack.app (in target 'TintTrack' from project 'TintTrack')
    cd /Users/samviers/Desktop/tinttrack
    builtin-validationUtility /Users/samviers/Desktop/tinttrack/build/DerivedData/Build/Products/Debug-iphonesimulator/TintTrack.app -shallow-bundle -infoplist-subpath Info.plist

Test Suite 'All tests' started at 2026-01-14 04:22:12.397.
Test Suite 'TintTrackTests.xctest' started at 2026-01-14 04:22:12.397.
Test Suite 'FormulaServiceTests' started at 2026-01-14 04:22:12.397.
Test Case '-[TintTrackTests.FormulaServiceTests testDeductInventoryBlocksNegativeWhenNotAllowed]' started.
Test Case '-[TintTrackTests.FormulaServiceTests testDeductInventoryBlocksNegativeWhenNotAllowed]' passed (0.011 seconds).
Test Case '-[TintTrackTests.FormulaServiceTests testDeductInventoryCreatesTransaction]' started.
Test Case '-[TintTrackTests.FormulaServiceTests testDeductInventoryCreatesTransaction]' passed (0.001 seconds).
Test Suite 'FormulaServiceTests' passed at 2026-01-14 04:22:12.412.
	 Executed 2 tests, with 0 failures (0 unexpected) in 0.013 (0.014) seconds
Test Suite 'InventoryServiceTests' started at 2026-01-14 04:22:12.412.
Test Case '-[TintTrackTests.InventoryServiceTests testLowStockDetection]' started.
Test Case '-[TintTrackTests.InventoryServiceTests testLowStockDetection]' passed (0.001 seconds).
Test Suite 'InventoryServiceTests' passed at 2026-01-14 04:22:12.414.
	 Executed 1 test, with 0 failures (0 unexpected) in 0.001 (0.002) seconds
Test Suite 'UnitsServiceTests' started at 2026-01-14 04:22:12.528.
Test Case '-[TintTrackTests.UnitsServiceTests testGramsDisplayInGrams]' started.
Test Case '-[TintTrackTests.UnitsServiceTests testGramsDisplayInGrams]' passed (0.001 seconds).
Test Case '-[TintTrackTests.UnitsServiceTests testGramsRoundTripFromOunces]' started.
Test Case '-[TintTrackTests.UnitsServiceTests testGramsRoundTripFromOunces]' passed (0.000 seconds).
Test Suite 'UnitsServiceTests' passed at 2026-01-14 04:22:12.530.
	 Executed 2 tests, with 0 failures (0 unexpected) in 0.002 (0.002) seconds
Test Suite 'TintTrackTests.xctest' passed at 2026-01-14 04:22:12.530.
	 Executed 5 tests, with 0 failures (0 unexpected) in 0.015 (0.133) seconds
Test Suite 'All tests' passed at 2026-01-14 04:22:12.531.
	 Executed 5 tests, with 0 failures (0 unexpected) in 0.015 (0.134) seconds

Test session results, code coverage, and logs:
	/Users/samviers/Desktop/tinttrack/build/DerivedData/Logs/Test/Test-TintTrack-2026.01.14_04-21-09--0500.xcresult

** TEST SUCCEEDED **

Testing started
